--------------------------------------------------------------------------------------------------------------------------------------
      name:  <unnamed>
       log:  /Users/darwin.delcastillofernandez/Documents/GitHub/heed_gformula_employment_mh/.worktrees/fix-import-data/data/raw/log/0
> 2_create_UKHLS_variables.log
  log type:  text
 opened on:  25 Mar 2026, 17:56:38

. *****************************************************************************************************
. 
. use "${dir_out}/ukhls_pooled_all_obs_01.dta", clear

. lab define dummy 1 "yes" 0 "no"

. 
. set seed 12345

. 
. /**************************************************************************************
> * SAMPLE PREPROCESSING
> *************************************************************************************/
. 
. ***Drop IEMB: 
. fre hhorig

hhorig -- Sample origin, household
--------------------------------------------------------------------------------
                                   |      Freq.    Percent      Valid       Cum.
-----------------------------------+--------------------------------------------
Valid   1  ukhls gb 2009-10        |     517859      59.31      59.31      59.31
        2  ukhls ni 2009-10        |      26863       3.08       3.08      62.39
        3  bhps gb 1991            |      94782      10.86      10.86      73.24
        4  bhps sco 1999           |      20151       2.31       2.31      75.55
        5  bhps wal 1999           |      23620       2.71       2.71      78.26
        6  bhps ni 2001            |      27787       3.18       3.18      81.44
        7  ukhls emboost 2009-10   |      95228      10.91      10.91      92.35
        8  ukhls iemb 2014-15      |      41744       4.78       4.78      97.13
        21 ukhls gps2 gb 2022-2023 |      24402       2.79       2.79      99.92
        22 ukhls gps2 ni 2022-2023 |        683       0.08       0.08     100.00
        Total                      |     873119     100.00     100.00           
--------------------------------------------------------------------------------

. /*hhorig        -- Sample origin, household
> 1  ukhls gb 2009-10     
> 2  ukhls ni 2009-10     
> 3  bhps gb 1991 
> 4  bhps sco 1999        
> 5  bhps wal 1999        
> 6  bhps ni 2001 
> 7  ukhls emboost 2009-10
> 8  ukhls iemb 2014-15
> 21 ukhls gps2 gb 2022-2023
> 22 ukhls gps2 ni 2022-2023
> */
. drop if hhorig == 8
(41,744 observations deleted)

. 
. ***Keep everyone at this stage as we need info on partners and parents who do not have full/proxi interviews in some waves*/
. fre ivfio

ivfio -- Individual level outcome
-----------------------------------------------------------------------------------------------------
                                                        |      Freq.    Percent      Valid       Cum.
--------------------------------------------------------+--------------------------------------------
Valid   1  full interview                               |     549547      66.10      66.10      66.10
        2  proxy interview                              |      28652       3.45       3.45      69.55
        9  lost capi interview                          |        217       0.03       0.03      69.57
        10 refusal                                      |      41731       5.02       5.02      74.59
        11 other non-interview                          |      33076       3.98       3.98      78.57
        12 moved                                        |          1       0.00       0.00      78.57
        14 ill/away during survey period                |       2428       0.29       0.29      78.86
        15 too infirm/elderly                           |       1555       0.19       0.19      79.05
        16 language difficulties                        |        555       0.07       0.07      79.12
        18 unknown eligibility                          |         81       0.01       0.01      79.13
        21 youth interview                              |      44541       5.36       5.36      84.48
        22 youth: refusal                               |         11       0.00       0.00      84.49
        23 youth: oth non-int                           |       1728       0.21       0.21      84.69
        24 child under 10                               |      98231      11.82      11.82      96.51
        25 youth non-interview                          |      20316       2.44       2.44      98.95
        53 non-cont/non-int hh                          |          2       0.00       0.00      98.95
        63 chd <16 non-cont/non-int hh                  |          4       0.00       0.00      98.95
        81 prev wave adamant refusal                    |        178       0.02       0.02      98.98
        84 Ineligible for individual interview as nr in |       8521       1.02       1.02     100.00
           last 3 waves                                 |                                            
        Total                                           |     831375     100.00     100.00           
-----------------------------------------------------------------------------------------------------

. /*
> ivfio -- Individual level outcome
> 1  full interview
> 2  proxy interview
> 9  lost capi intvw              
> 10 refusal              
> 11 other non-intvw              
> 12 moved                
> 14 ill/away during survey period                                          
> 15 too infirm/elderly           
> 16 language difficulties                
> 18 unknown eligibility          
> 21 youth interview              
> 22 youth: refusal               
> 24 child under 10 
> 25 youth non-interview  
> 53 non-cont/non-int hh  
> 63 chd <16 non-cont/non-int hh  
> 74 ineligible - aged 10-15      (iemb only)                                       
> 81 prev wave adamant refusal    
> 84 Ineligible for individual interview as nr in last 3 waves                                      
> 
> keep if ivfio == 1 | ivfio == 2 | ivfio == 21 | ivfio == 24 
> fre ivfio 
> */
. 
. /**************************************************************************************
> * HOUSEHOLD IDENTIFIER (needed for dnc bysort)
> *************************************************************************************/
. clonevar idhh = hidp

. la var idhh "Household identifier"

. 
. 
. /**************************************************************************************
> * INDIVIDUAL IDENTIFIER
> *************************************************************************************/
. clonevar idperson = pidp

. la var idperson "Unique cross wave identifier"

. 
. xtset idperson swv

Panel variable: idperson (unbalanced)
 Time variable: swv, 1 to 15, but with gaps
         Delta: 1 unit

. 
. 
. /**************************************************************************************
> * AGE (dag) — needed for dnc, dhhtp_c4
> *************************************************************************************/
. gen dag = age_dv

. la var dag "Age"

. 
. 
. /**************************************************************************************
> * GENDER (dgn)
> *************************************************************************************/
. gen dgn = sex_dv

. recode dgn 2=0   // 0=female, 1=male
(431,299 changes made to dgn)

. lab define dgn 1 "men" 0 "women"

. lab val dgn dgn

. la var dgn "Gender"

. 
. 
. /**************************************************************************************
> * REGION (drgn1)
> *************************************************************************************/
. gen drgn1 = .
(831,375 missing values generated)

. replace drgn1 = 1  if gor_dv == 1
(30,575 real changes made)

. replace drgn1 = 2  if gor_dv == 2
(82,596 real changes made)

. replace drgn1 = 4  if gor_dv == 3
(69,262 real changes made)

. replace drgn1 = 5  if gor_dv == 4
(60,832 real changes made)

. replace drgn1 = 6  if gor_dv == 5
(69,206 real changes made)

. replace drgn1 = 7  if gor_dv == 6
(71,410 real changes made)

. replace drgn1 = 8  if gor_dv == 7
(103,607 real changes made)

. replace drgn1 = 9  if gor_dv == 8
(97,808 real changes made)

. replace drgn1 = 10 if gor_dv == 9
(64,560 real changes made)

. replace drgn1 = 11 if gor_dv == 10
(55,511 real changes made)

. replace drgn1 = 12 if gor_dv == 11
(70,814 real changes made)

. replace drgn1 = 13 if gor_dv == 12
(54,722 real changes made)

. la var drgn1 "Region"

. 
. 
. /**************************************************************************************
> * HEALTH STATUS (dhe)
> * Reverse-coded so 5=Excellent, 1=Poor
> *************************************************************************************/
. replace scsf1 = . if scsf1 < 0
(53,551 real changes made, 53,551 to missing)

. recode scsf1 (5=1) (4=2) (3=3) (2=4) (1=5), gen(dhe)
(323,642 differences between scsf1 and dhe)

. la var dhe "Health status"

. 
. 
. /**************************************************************************************
> * LIFE SATISFACTION (dls)
> * Rescaled from 1-7 to 0-10
> *************************************************************************************/
. gen dls = sclfsato
(318,569 missing values generated)

. replace dls = . if sclfsato < 0
(65,696 real changes made, 65,696 to missing)

. replace dls = (dls - 1) * 10/6
(447,110 real changes made)

. la var dls "Life satisfaction (0-10)"

. 
. 
. /**************************************************************************************
> * PARTNER IDENTIFIER (needed for dcpst)
> *************************************************************************************/
. clonevar idpartner = ppid

. la var idpartner "Unique cross wave identifier of partner"

. 
. 
. /**************************************************************************************
> * PARTNERSHIP STATUS (needed for dhhtp_c4)
> *************************************************************************************/
. gen dcpst = .
(831,375 missing values generated)

. replace dcpst = 1 if idpartner > 0 & !missing(idpartner) //partnered
(409,686 real changes made)

. replace dcpst = 2 if idpartner < 0 | missing(idpartner)  //single
(421,689 real changes made)

. lab var dcpst "Partnership status"

. lab def dcpst 1 "partnered" 2 "single"

. lab val dcpst dcpst

. 
. 
. /**************************************************************************************
> * DEPENDENT CHILDREN (dnc)
> * Requires globals: $age_max_dep_child (set in 00_master.do)
> * Requires source vars: age_dv, pns1pid, pns2pid, depchl_dv
> *************************************************************************************/
. gen depChild = 1 if (age_dv >= 0 & age_dv < ${age_max_dep_child}) & (pns1pid > 0 | pns2pid > 0) & (depchl_dv == 1)
(659,262 missing values generated)

. bys swv idhh: egen dnc = sum(depChild)

. drop depChild

. la var dnc "Number of dependent children 0-${age_max_dep_child}"

. 
. 
. /**************************************************************************************
> * ADULT CHILD FLAG (needed for dhhtp_c4)
> *************************************************************************************/
. cap gen adultchildflag = 0

. 
. 
. /**************************************************************************************
> * HOUSEHOLD COMPOSITION (needed for yhhnb equivalisation)
> * Requires globals: $age_becomes_responsible (set in 00_master.do)
> *************************************************************************************/
. cap gen dhhtp_c4 = .

. replace dhhtp_c4 = 1 if dcpst == 1 & dnc == 0                                                          //Couple, no children
(254,519 real changes made)

. replace dhhtp_c4 = 2 if dcpst == 1 & dnc > 0 & !missing(dnc)                                           //Couple, children
(155,167 real changes made)

. replace dhhtp_c4 = 3 if (dcpst == 2) & (dnc == 0 | dag <= ${age_becomes_responsible} | adultchildflag == 1) //Single, no children
(378,930 real changes made)

. replace dhhtp_c4 = 4 if (dcpst == 2) & dnc > 0 & !missing(dnc) & dhhtp_c4 != 3                         //Single, children
(42,759 real changes made)

. 
. la def dhhtp_c4_lb 1 "Couple with no children" 2 "Couple with children" 3 "Single with no children" 4 "Single with children"

. la values dhhtp_c4 dhhtp_c4_lb

. la var dhhtp_c4 "Household composition"

. 
. 
. /**************************************************************************************
> * CPI (inflation adjustment, base year = 2015)
> * Source: ONS https://www.ons.gov.uk/economy/inflationandpriceindices/timeseries/l522/mm23
> *************************************************************************************/
. gen CPI = .
(831,375 missing values generated)

. replace CPI = 0.879 if intdaty_dv == 2009
(38,327 real changes made)

. replace CPI = 0.901 if intdaty_dv == 2010
(80,382 real changes made)

. replace CPI = 0.936 if intdaty_dv == 2011
(75,315 real changes made)

. replace CPI = 0.96  if intdaty_dv == 2012
(66,911 real changes made)

. replace CPI = 0.982 if intdaty_dv == 2013
(62,221 real changes made)

. replace CPI = 0.996 if intdaty_dv == 2014
(59,612 real changes made)

. replace CPI = 1     if intdaty_dv == 2015
(54,711 real changes made)

. replace CPI = 1.01  if intdaty_dv == 2016
(53,211 real changes made)

. replace CPI = 1.036 if intdaty_dv == 2017
(49,350 real changes made)

. replace CPI = 1.06  if intdaty_dv == 2018
(47,493 real changes made)

. replace CPI = 1.078 if intdaty_dv == 2019
(45,314 real changes made)

. replace CPI = 1.089 if intdaty_dv == 2020
(43,211 real changes made)

. replace CPI = 1.116 if intdaty_dv == 2021
(40,184 real changes made)

. replace CPI = 1.205 if intdaty_dv == 2022
(43,057 real changes made)

. replace CPI = 1.286 if intdaty_dv == 2023
(50,363 real changes made)

. replace CPI = 1.329 if intdaty_dv == 2024
(20,920 real changes made)

. replace CPI = 1.329 if intdaty_dv == 2025 //to update when available
(783 real changes made)

. 
. 
. /**************************************************************************************
> * GROSS PERSONAL NON-BENEFIT INCOME (ypnb) — needed for yhhnb
> * Components: labour income + pensions + private income sources
> * Requires: inc_pp, inc_tu, inc_ma, inc_fm, inc_oth from 01_merge.do income section
> *************************************************************************************/
. recode fimnlabgrs_dv fimnpen_dv inc_pp inc_tu inc_ma inc_fm inc_oth (-9=.) (-1=.)
(49 changes made to fimnlabgrs_dv)
(48 changes made to fimnpen_dv)
(0 changes made to inc_pp)
(0 changes made to inc_tu)
(7 changes made to inc_ma)
(1 changes made to inc_fm)
(0 changes made to inc_oth)

. egen ypnb = rowtotal(fimnlabgrs_dv fimnpen_dv inc_pp inc_tu inc_ma inc_fm inc_oth)

. replace ypnb = 0 if ypnb < 0
(601 real changes made)

. replace ypnb = ypnb / CPI //adjust for inflation
(407,207 real changes made, 10 to missing)

. 
. 
. /**************************************************************************************
> * PARTNER'S GROSS PERSONAL NON-BENEFIT INCOME (ypnbsp) — needed for yhhnb
> *************************************************************************************/
. preserve

. keep swv idperson idhh ypnb

. rename ypnb ypnbsp

. rename idperson idpartner

. save "$dir_out/temp_ypnb", replace
file
    /Users/darwin.delcastillofernandez/Documents/GitHub/heed_gformula_employment_mh/.worktrees/fix-import-data/data/output/temp_ypnb
    > .dta saved

. restore

. merge m:1 swv idpartner idhh using "$dir_out/temp_ypnb"

    Result                      Number of obs
    -----------------------------------------
    Not matched                       843,378
        from master                   421,689  (_merge==1)
        from using                    421,689  (_merge==2)

    Matched                           409,686  (_merge==3)
    -----------------------------------------

. keep if _merge == 1 | _merge == 3
(421,689 observations deleted)

. drop _merge

. replace ypnbsp = ypnbsp / CPI
(270,245 real changes made, 1 to missing)

. 
. 
. /**************************************************************************************
> * MODIFIED OECD EQUIVALENCE SCALE (needed for yhhnb equivalisation)
> *************************************************************************************/
. gen depChild_013  = 1 if (dag >= 0  & dag <= 13) & (pns1pid > 0 | pns2pid > 0) & (depchl_dv == 1)
(691,053 missing values generated)

. gen depChild_1418 = 1 if (dag >= 14 & dag <= 18) & (pns1pid > 0 | pns2pid > 0) & (depchl_dv == 1)
(784,878 missing values generated)

. bys swv idhh: egen dnc013  = sum(depChild_013)

. bys swv idhh: egen dnc1418 = sum(depChild_1418)

. drop depChild_013 depChild_1418

. 
. gen moecd_eq = .
(831,375 missing values generated)

. replace moecd_eq = 1.5                                if dhhtp_c4 == 1
(254,519 real changes made)

. replace moecd_eq = 0.3*dnc013 + 0.5*dnc1418 + 1.5   if dhhtp_c4 == 2
(155,167 real changes made)

. replace moecd_eq = 1                                  if dhhtp_c4 == 3
(378,930 real changes made)

. replace moecd_eq = 0.3*dnc013 + 0.5*dnc1418 + 1      if dhhtp_c4 == 4
(42,759 real changes made)

. drop dnc013 dnc1418

. 
. 
. /**************************************************************************************
> * HOUSEHOLD INCOME (yhhnb)
> * Sum of individual + partner income if coupled; individual only if single
> * Equivalised by modified OECD scale and CPI-adjusted
> *************************************************************************************/
. egen yhhnb = rowtotal(ypnb ypnbsp) if dhhtp_c4 == 1 | dhhtp_c4 == 2
(421,689 missing values generated)

. replace yhhnb = ypnb if dhhtp_c4 == 3 | dhhtp_c4 == 4
(421,680 real changes made)

. replace yhhnb = (yhhnb / moecd_eq) / CPI
(502,787 real changes made, 1 to missing)

. 
. gen yhhnb_asinh = asinh(yhhnb)
(10 missing values generated)

. gen log_income = yhhnb_asinh
(10 missing values generated)

. la var yhhnb "Equivalised household gross non-benefit income (real)"

. la var yhhnb_asinh "Equivalised household gross non-benefit income (IHS-transformed)"

. la var log_income "Log equivalised household income (IHS transformation of yhhnb)"

. 
. /**************************************************************************************
> * INCOME QUINTILES (econ_incquint)
> * Within-wave quintiles of equivalised household income
> *************************************************************************************/
. gen econ_incquint = .
(831,375 missing values generated)

. levelsof swv, local(waves)
1 2 3 4 5 6 7 8 9 10 11 12 13 14 15

. foreach w of local waves {
  2.     xtile tmp_q = yhhnb if swv == `w', nq(5)
  3.     replace econ_incquint = tmp_q if swv == `w'
  4.     drop tmp_q
  5. }
(77,308 real changes made)
(77,493 real changes made)
(70,671 real changes made)
(65,626 real changes made)
(61,512 real changes made)
(56,298 real changes made)
(53,952 real changes made)
(51,450 real changes made)
(48,370 real changes made)
(46,141 real changes made)
(43,560 real changes made)
(40,743 real changes made)
(38,928 real changes made)
(52,819 real changes made)
(46,494 real changes made)

. la var econ_incquint "Household income quintile (within wave)"

. 
. 
. /**************************************************************************************
> * HOME OWNERSHIP (home_owner)
> * Requires source var: hsownd (housing tenure from hhresp)
> *************************************************************************************/
. gen home_owner = .
(831,375 missing values generated)

. replace home_owner = 1 if hsownd >= 1 & hsownd <= 3
(574,939 real changes made)

. replace home_owner = 0 if inlist(hsownd, 4, 5)
(228,782 real changes made)

. replace home_owner = . if hsownd < 0 | hsownd > 5 
(0 real changes made)

. lab var home_owner "Home ownership dummy"

. 
. 
. /**************************************************************************************
> * ACTIVITY STATUS (les_c3, les_c4) — needed for unemp
> *************************************************************************************/
. recode jbstat (1 2 5 12 13 14 15 = 1 "Employed or self-employed") ///
>         (7 = 2 "Student") ///
>         (3 6 8 10 11 97 9 4 = 3 "Not employed") ///
>         , into(les_c3)
(507,450 differences between jbstat and les_c3)

. replace les_c3 = . if les_c3 < 0
(598 real changes made, 598 to missing)

. la var les_c3 "Activity status"

. 
. clonevar les_c4 = les_c3
(253,774 missing values generated)

. replace les_c4 = 4 if jbstat == 4
(142,828 real changes made)

. lab var les_c4 "Activity status (incl. retired)"

. lab define les_c4 1 "Employed or self-employed" 2 "Student" 3 "Not employed" 4 "Retired"

. lab val les_c4 les_c4

. replace les_c4 = . if les_c4 < 0
(0 real changes made)

. 
. 
. /**************************************************************************************
> * UNEMPLOYMENT DUMMY (unemp)
> * Requires: jbstat, les_c3, les_c4, dag
> * Requires global: $age_seek_employment (set in 00_master.do)
> *************************************************************************************/
. gen unemp = (jbstat == 3)

. replace unemp = . if les_c3 == .
(253,774 real changes made, 253,774 to missing)

. replace unemp = . if dag < $age_seek_employment
(53 real changes made, 53 to missing)

. replace unemp = 0  if les_c4 == 4 & unemp == 1 //impose consistency with retirement
(0 real changes made)

. lab var unemp "Unemployed dummy"

. 
. 
. /**************************************************************************************
> * ECONOMIC BENEFITS (econ_benefits)
> * Requires: fihhmnsben_dv, benefits_uc, benefits_lb from 01_merge.do
> *************************************************************************************/
. gen econ_benefits = .
(831,375 missing values generated)

. replace econ_benefits = 1 if fihhmnsben_dv > 0 & fihhmnsben_dv != .
(610,121 real changes made)

. replace econ_benefits = 0 if fihhmnsben_dv == 0
(199,961 real changes made)

. label var econ_benefits "Household income includes any benefits"

. 
. replace econ_benefits = 1 if benefits_uc == 1
(1,238 real changes made)

. 
. gen econ_benefits_nonuc = econ_benefits
(20,232 missing values generated)

. replace econ_benefits_nonuc = 0 if benefits_uc == 1
(25,125 real changes made)

. label var econ_benefits_nonuc "Household income includes non-UC benefits"

. 
. gen econ_benefits_uc = econ_benefits
(20,232 missing values generated)

. replace econ_benefits_uc = 0 if benefits_uc == 0
(566,753 real changes made)

. label var econ_benefits_uc "Household income includes UC benefits"

. 
. gen econ_benefits_lb = benefits_lb
(176,548 missing values generated)

. replace econ_benefits_lb = 0 if econ_benefits_uc == 1
(33,078 real changes made)

. label var econ_benefits_lb "Household income includes Legacy Benefits"

. 
. 
. /**************************************************************************************
> * ECONOMIC DISTRESS / FINANCIAL DISTRESS (econ_dist)
> * Based on finnow: 1-3 = not in distress, 4-5 = in distress
> * Missing values kept as missing (no imputation)
> *************************************************************************************/
. recode finnow (1 2 3 = 0) (4 5 = 1) (else = .), gen(econ_dist)
(512,806 differences between finnow and econ_dist)

. lab var econ_dist "Financial distress (binary)"

. 
. 
. /**************************************************************************************
> * RECODE MISSINGS
> *************************************************************************************/
. foreach var in dnc home_owner econ_benefits econ_benefits_nonuc econ_benefits_uc econ_benefits_lb econ_dist yhhnb dhhtp_c4 unemp {
  2.         qui recode `var' (-9/-1 = .)
  3. }

. 
. 
. /**************************************************************************************
> * RENAME swv -> wave (to match R pipeline naming convention)
> *************************************************************************************/
. rename swv wave

. 
. 
. /**************************************************************************************
> * SAVE
> *************************************************************************************/
. save "$dir_out/ukhls_pooled_all_obs_02.dta", replace
file
    /Users/darwin.delcastillofernandez/Documents/GitHub/heed_gformula_employment_mh/.worktrees/fix-import-data/data/output/ukhls_poo
    > led_all_obs_02.dta saved

. cap log close
